doc/bips/lib/flexlm/*
lib/asm.pl
lib/chr.pl
lib/chr2pl.pl
lib/chr_doc.pl
lib/cumulative.ecl
lib/development_support.pl
lib/edge_finder.ecl
lib/edge_finder3.ecl
lib/eplex.pl
lib/eplex_s.ecl
lib/eplex_cplex.pl
lib/eplex_relax.pl
lib/eplex_standalone.ecl
lib/eplex_xpress.pl
lib/fcompile.pl
lib/fd.pl
lib/fd_arith.pl
lib/fd_chip.pl
lib/fd_domain.pl
lib/fd_edge_finder_common.ecl
lib/fd_elipsys.pl
lib/fd_generic_interface.ecl
lib/fd_global.ecl
lib/fd_search.ecl
lib/fd_sets.ecl
lib/fd_util.pl
lib/flexlm.eci
lib/generic_cumulative.ecl
lib/generic_edge_finder.ecl
lib/generic_edge_finder3.ecl
lib/generic_edge_finder_common.ecl
lib/generic_global_constraints.ecl
lib/generic_hybrid_sets.ecl
lib/heap_array.ecl
lib/ic.ecl
lib/ic_constraints.ecl
lib/ic_cumulative.ecl
lib/ic_edge_finder.ecl
lib/ic_edge_finder3.ecl
lib/ic_edge_finder_common.ecl
lib/ic_global.ecl
lib/ic_hybrid_sets.ecl
lib/ic_kernel.ecl
lib/lex_set.ecl
lib/make_overlap_bivs.pl
lib/probe.pl
lib/probe_search.pl
lib/probe_support.pl
lib/probing_for_scheduling.pl
lib/profile.pl
lib/propia.pl
lib/repair.pl
lib/set.pl
lib/suspend.pl
lib/systools.pl
lib/systools.eco
lib/t_all.pl
lib/t_all.eco
lib/time_log.eci
lib/time_log.ecl
lib/time_log.eco
lib/tracer_tcl.pl
lib/tracer_tty.pl
lib/tty_vc.eci
